http://pad.lv/1717598
https://bugs.launchpad.net/ubuntu/+source/cloud-init/+bug/1717598

=== Begin SRU Template ===
[Impact]
Runcmd cloud-config cannot be run on gce instances due to traceback.

[Test Case]
# Create sample runcmd yaml which reproduces failure
$ cat > userdata.yaml <<EOF
#cloud-config
bootcmd:
  - "cat /proc/uptime > /run/bootcmd-works"
runcmd:
  - "cat /proc/uptime > /run/runcmd-works"
EOF

# spawn GCE instance Xenial/Zesty with the following user-data
# image-status is
##  https://github.com/smoser/talk-simplestreams/blob/master/bin/image-status
$ image-status gce region=us-east1
artful   20171015    us-east1        daily-ubuntu-1710-artful-v20171015
trusty   20171016    us-east1        daily-ubuntu-1404-trusty-v20171016
xenial   20171011    us-east1        daily-ubuntu-1604-xenial-v20171011
zesty    20171011    us-east1        daily-ubuntu-1704-zesty-v20171011

$ name=xenial-$(date +%y%m%d-%H%M)
$ gcloud compute instances create $name \
   --zone=us-east1-b \
   --image daily-ubuntu-1604-xenial-v20171011 \
   --image-project ubuntu-os-cloud-devel \
   --metadata-from-file user-data=user-data.yaml

$ ssh ubuntu@<gce-instance>
# Grep for Tracebacks in /var/log/cloud-init.log
ubuntu@gce$ grep Traceback /var/log/cloud-init.log

# Update to <series>-proposed
$ git clone https://git.launchpad.net/~smoser/cloud-init/+git/sru-info
$ sudo ./sru-info/bin/enable-proposed
deb http://us-east1.gce.archive.ubuntu.com/ubuntu/ xenial-proposed main universe
ubunut@gce$ sudo apt update
ubunut@gce$ sudo apt install cloud-init
ubunut@gce$ dpkg-query show cloud-init
ubunut@gce$ sudo rm /var/lib/cloud /var/log/cloud*; sudo reboot
# Recheck with proposed run
$ ssh ubuntu@<gce-instance>
ubunut@gce$ grep Traceback /var/log/cloud-init.log


[Regression Potential]
Minimal, This fix is minor and resolves an existing bug preventing runcmd configs from being run at all.


[Other Info]
Upstream commit at
  https://git.launchpad.net/cloud-init/commit/?id=10f067d8

=== End SRU Template ===
