http://pad.lv/1706752
https://bugs.launchpad.net/ubuntu/+source/cloud-init/+bug/1706752

=== Begin SRU Template ===
[Impact]
cloud-init takes network configuration input in a variety of formats.
It then renders that network configuration in a number of different formats.
Because of an issue when rendering /etc/network/interfaces style network
configuration, certain bridge configuration options present would not be
applied correctly.

[Test Case]
The basic idea below is:
 a.) launch an instance with proposed version of cloud-init.
 b.) inside instance, get cloud-init's network rendering tool from trunk
 c.) run the rendering tool against a config that failed before.
 d.) check rendered ENI config to verify it looks correct.

## launch an instance.
$ release=xenial
$ ref=$release-proposed
$ lxc-proposed-snapshot --proposed --publish $release $ref
$ lxc launch $ref $name
$ lxc exec $ref $name /bin/bash

## get render tool
% wget https://git.launchpad.net/~cloud-init-dev/cloud-init/plain/tools/net-convert.py -O net-convert.py

## write a network config with vlan and mac address.
% cat > net-config.yaml <<"EOF"
version: 1
config:
 - type: physical
   name: eth0
   mac_address: "c0:d6:9f:2c:e8:80"
 - type: physical
   name: eth1
   mac_address: "c0:d6:9f:2c:e8:81"
 - type: bridge
   name: br0
   bridge_interfaces: [eth0, eth1]
   params: 
     bridge_pathcost:
       - eth0 50
       - eth1 75
     bridge_portprio:
       - eth0 28
       - eth1 14
     bridge_stp: off
   subnets:
       - type: static
         address: 192.168.14.2/24
EOF

$ python3 ./net-convert.py \
    --network-data=net-config.yaml --kind=yaml \
    --output-kind=$k \
    --mac=eth0,c0:d6:9f:2c:e8:80 --mac=eth1,c0:d6:9f:2c:e8:81 \
    --directory=out.d

##
FIXME: FIX EXPECTED OUTPUT
% cat out.d/etc/network/interfaces
auto lo
iface lo inet loopback

auto eth0
iface eth0 inet dhcp

auto eth0.101
iface eth0.101 inet static
    address 192.168.2.10/24
    hwaddress fe:35:9c:85:55:ee
    mtu 1500
    vlan-raw-device eth0
    vlan_id 101

[Regression Potential]
Regressions would most likely be found when rendering
a network configuration provided that included bridges.

[Other Info]
Upstream commit at
  https://git.launchpad.net/cloud-init/commit/?id=00b678c61

=== End SRU Template ===
