http://pad.lv/1741093

=== Begin SRU Template ===
[Impact]
Minimal as the use-case is developers testing clean boot scenario.

Command line utility 'cloud-init clean' in containers would emit an error and wouldn't clean all cloud-init artifacts. Users would need to remove cloud-init logs and /var/lib/cloud subdirs manually if they wanted to test a clean boot scenario.

Error message:  'Cannot call rmtree on a symbolic link'


[Test Case]
lxc launch ubuntu-daily:bionic myb1;
lxc exec myb1 -- ls -l /var/lib/cloud;
lxc exec myb1 -- cloud-init clean


[Other Info]
Upstream commit at
  https://git.launchpad.net/cloud-init/commit/?id=0b5bacb

=== End SRU Template ===

=== Begin Abridged SRU verification ===
### Xenial
csmith@uptown:~/src/server/cloud-init/ubuntu-sru (master)$ # xenial proposed test
csmith@uptown:~/src/server/cloud-init/ubuntu-sru (master)$ lxc launch ubuntu-daily:xenial myx1;
Creating myx1
Starting myx1
csmith@uptown:~/src/server/cloud-init/ubuntu-sru (master)$ 
csmith@uptown:~/src/server/cloud-init/ubuntu-sru (master)$ lxc exec myx1 -- sed -i 's/ xenial / xenial-proposed /' /etc/apt/sources.list
csmith@uptown:~/src/server/cloud-init/ubuntu-sru (master)$ lxc exec myx1 -- apt-get update
...
Get:2 http://archive.ubuntu.com/ubuntu xenial-proposed InRelease [253 kB]
csmith@uptown:~/src/server/cloud-init/ubuntu-sru (master)$ lxc exec myx1 -- apt-get install cloud-init
...
The following packages will be upgraded:
  cloud-init
...
Unpacking cloud-init (17.2-35-gf576b2a2-0ubuntu1~16.04.1) over (17.1-46-g7acc9e68-0ubuntu1~16.04.1) ...
csmith@uptown:~/src/server/cloud-init/ubuntu-sru (master)$ lxc exec myx1 -- ls -l /var/lib/cloud
total 24
drwxr-xr-x 2 root root 4096 Feb 23 21:21 data
drwxr-xr-x 2 root root 4096 Feb 23 21:21 handlers
lrwxrwxrwx 1 root root   29 Feb 23 21:21 instance -> /var/lib/cloud/instances/myx1
drwxr-xr-x 3 root root 4096 Feb 23 21:21 instances
drwxr-xr-x 6 root root 4096 Feb 23 21:21 scripts
drwxr-xr-x 3 root root 4096 Feb 23 21:21 seed
drwxr-xr-x 2 root root 4096 Feb 23 21:22 sem
csmith@uptown:~/src/server/cloud-init/ubuntu-sru (master)$ lxc exec myx1 -- cloud-init clean
csmith@uptown:~/src/server/cloud-init/ubuntu-sru (master)$ 


### Artful

csmith@uptown:~/src/server/cloud-init/ubuntu-sru (master)$ lxc exec mya1 -- sed -i 's/ artful / artful-proposed /' /etc/apt/sources.list
csmith@uptown:~/src/server/cloud-init/ubuntu-sru (master)$ lxc exec mya1 -- apt-get update
...
Get:2 http://archive.ubuntu.com/ubuntu artful-proposed InRelease [235 kB]
csmith@uptown:~/src/server/cloud-init/ubuntu-sru (master)$ lxc exec mya1 -- apt-get install cloud-init
...
The following packages will be upgraded:
  cloud-init
..
Unpacking cloud-init (17.2-35-gf576b2a2-0ubuntu1~17.10.1) over (17.1-46-g7acc9e68-0ubuntu1~17.10.1) ...
csmith@uptown:~/src/server/cloud-init/ubuntu-sru (master)$ lxc exec mya1 -- ls -l /var/lib/cloud
total 24
drwxr-xr-x 2 root root 4096 Feb 23 21:17 data
drwxr-xr-x 2 root root 4096 Feb 23 21:17 handlers
lrwxrwxrwx 1 root root   29 Feb 23 21:17 instance -> /var/lib/cloud/instances/mya1
drwxr-xr-x 3 root root 4096 Feb 23 21:17 instances
drwxr-xr-x 6 root root 4096 Feb 23 21:17 scripts
drwxr-xr-x 3 root root 4096 Feb 23 21:17 seed
drwxr-xr-x 2 root root 4096 Feb 23 21:20 sem
csmith@uptown:~/src/server/cloud-init/ubuntu-sru (master)$ lxc exec mya1 -- cloud-init clean
=== End Abridged SRU verification ===

